


ARM Macro Assembler    Page 1 


    1 00000000                 AREA             RESET, DATA, READONLY
    2 00000000                 EXPORT           __Vectors
    3 00000000         __Vectors
    4 00000000 10001000        DCD              0x10001000  ; stack pointer val
                                                            ue when stack is em
                                                            pty
    5 00000004 00000000        DCD              Reset_Handler ; reset vector 
    6 00000008                 ALIGN
    7 00000008                 AREA             mycode, CODE, READONLY
    8 00000000                 ENTRY
    9 00000000                 EXPORT           Reset_Handler
   10 00000000         Reset_Handler
   11 00000000 F04F 030A       MOV              R3,#10
   12 00000004 480F            LDR              R0, =SRC
   13 00000006 4A10            LDR              R2, =DST
   14 00000008         BACK
   15 00000008 F850 1B04       LDR              R1, [R0],#4
   16 0000000C F842 1B04       STR              R1, [R2],#4
   17 00000010 F1A3 0301       SUB              R3,#1
   18 00000014 2B00            CMP              R3,#0
   19 00000016 D1F7            BNE              BACK
   20 00000018 E7FE    STOP    B                STOP
   21 0000001A 00 00 00000012 
              000000F1 
              0000003C 
              00000024 
              0000004D 
              0000006A 
              0000009A 
              0000008B 
              00000055 
              00000043 SRC     DCD              0x12,0xF1,0x3C,0x24,0x4D,0x6A,0
x9A,0x8B,0x55,0x43
   22 00000044 00000000 
              00000000         AREA             MYDATA, DATA, READWRITE
   23 00000000 00000000 
              00000000 
              00000000 
              00000000 
              00000000 
              00000000 
              00000000 
              00000000 
              00000000 
              00000000 DST     DCD              0,0,0,0,0,0,0,0,0,0
   24 00000028                 END
Command Line: --debug --xref --cpu=Cortex-M3 --apcs=interwork --depend=10num.d 
-o10num.o -IC:\Keil\ARM\RV31\INC -IC:\Keil\ARM\CMSIS\Include -IC:\Keil\ARM\Inc\
NXP\LPC17xx --predefine="__EVAL SETA 1" --list=10num.lst 10num.asm



ARM Macro Assembler    Page 1 Alphabetic symbol ordering
Relocatable symbols

RESET 00000000

Symbol: RESET
   Definitions
      At line 1 in file 10num.asm
   Uses
      None
Comment: RESET unused
__Vectors 00000000

Symbol: __Vectors
   Definitions
      At line 3 in file 10num.asm
   Uses
      At line 2 in file 10num.asm
Comment: __Vectors used once
2 symbols



ARM Macro Assembler    Page 1 Alphabetic symbol ordering
Relocatable symbols

BACK 00000008

Symbol: BACK
   Definitions
      At line 14 in file 10num.asm
   Uses
      At line 19 in file 10num.asm
Comment: BACK used once
Reset_Handler 00000000

Symbol: Reset_Handler
   Definitions
      At line 10 in file 10num.asm
   Uses
      At line 5 in file 10num.asm
      At line 9 in file 10num.asm

SRC 0000001C

Symbol: SRC
   Definitions
      At line 21 in file 10num.asm
   Uses
      At line 12 in file 10num.asm
Comment: SRC used once
STOP 00000018

Symbol: STOP
   Definitions
      At line 20 in file 10num.asm
   Uses
      At line 20 in file 10num.asm
Comment: STOP used once
mycode 00000000

Symbol: mycode
   Definitions
      At line 7 in file 10num.asm
   Uses
      None
Comment: mycode unused
5 symbols



ARM Macro Assembler    Page 1 Alphabetic symbol ordering
Relocatable symbols

DST 00000000

Symbol: DST
   Definitions
      At line 23 in file 10num.asm
   Uses
      At line 13 in file 10num.asm
Comment: DST used once
MYDATA 00000000

Symbol: MYDATA
   Definitions
      At line 22 in file 10num.asm
   Uses
      None
Comment: MYDATA unused
2 symbols
342 symbols in table
